Archive member included because of file (symbol)

c:/freescale/kds_3.0.0/toolchain/bin/../lib/gcc/arm-none-eabi/4.8.4/../../../../arm-none-eabi/lib/armv7e-m\libg_s.a(lib_a-errno.o)
                              ./utilities/fsl_sbrk.o (__errno)
c:/freescale/kds_3.0.0/toolchain/bin/../lib/gcc/arm-none-eabi/4.8.4/../../../../arm-none-eabi/lib/armv7e-m\libg_s.a(lib_a-exit.o)
                              c:/freescale/kds_3.0.0/toolchain/bin/../lib/gcc/arm-none-eabi/4.8.4/../../../../arm-none-eabi/lib/armv7e-m/crt0.o (exit)
c:/freescale/kds_3.0.0/toolchain/bin/../lib/gcc/arm-none-eabi/4.8.4/../../../../arm-none-eabi/lib/armv7e-m\libg_s.a(lib_a-impure.o)
                              c:/freescale/kds_3.0.0/toolchain/bin/../lib/gcc/arm-none-eabi/4.8.4/../../../../arm-none-eabi/lib/armv7e-m\libg_s.a(lib_a-exit.o) (_global_impure_ptr)
c:/freescale/kds_3.0.0/toolchain/bin/../lib/gcc/arm-none-eabi/4.8.4/../../../../arm-none-eabi/lib/armv7e-m\libg_s.a(lib_a-init.o)
                              c:/freescale/kds_3.0.0/toolchain/bin/../lib/gcc/arm-none-eabi/4.8.4/../../../../arm-none-eabi/lib/armv7e-m/crt0.o (__libc_init_array)
c:/freescale/kds_3.0.0/toolchain/bin/../lib/gcc/arm-none-eabi/4.8.4/../../../../arm-none-eabi/lib/armv7e-m\libg_s.a(lib_a-memcpy-stub.o)
                              ./drivers/fsl_enet.o (memcpy)
c:/freescale/kds_3.0.0/toolchain/bin/../lib/gcc/arm-none-eabi/4.8.4/../../../../arm-none-eabi/lib/armv7e-m\libg_s.a(lib_a-memmove.o)
                              ./utilities/fsl_shell.o (memmove)
c:/freescale/kds_3.0.0/toolchain/bin/../lib/gcc/arm-none-eabi/4.8.4/../../../../arm-none-eabi/lib/armv7e-m\libg_s.a(lib_a-memset.o)
                              c:/freescale/kds_3.0.0/toolchain/bin/../lib/gcc/arm-none-eabi/4.8.4/../../../../arm-none-eabi/lib/armv7e-m/crt0.o (memset)
c:/freescale/kds_3.0.0/toolchain/bin/../lib/gcc/arm-none-eabi/4.8.4/../../../../arm-none-eabi/lib/armv7e-m\libg_s.a(lib_a-sprintf.o)
                              ./source/main.o (sprintf)
c:/freescale/kds_3.0.0/toolchain/bin/../lib/gcc/arm-none-eabi/4.8.4/../../../../arm-none-eabi/lib/armv7e-m\libg_s.a(lib_a-strlen.o)
                              ./utilities/fsl_debug_console.o (strlen)
c:/freescale/kds_3.0.0/toolchain/bin/../lib/gcc/arm-none-eabi/4.8.4/../../../../arm-none-eabi/lib/armv7e-m\libg_s.a(lib_a-svfprintf.o)
                              c:/freescale/kds_3.0.0/toolchain/bin/../lib/gcc/arm-none-eabi/4.8.4/../../../../arm-none-eabi/lib/armv7e-m\libg_s.a(lib_a-sprintf.o) (_svfprintf_r)
c:/freescale/kds_3.0.0/toolchain/bin/../lib/gcc/arm-none-eabi/4.8.4/../../../../arm-none-eabi/lib/armv7e-m\libg_s.a(lib_a-vfprintf_i.o)
                              c:/freescale/kds_3.0.0/toolchain/bin/../lib/gcc/arm-none-eabi/4.8.4/../../../../arm-none-eabi/lib/armv7e-m\libg_s.a(lib_a-svfprintf.o) (_printf_i)
c:/freescale/kds_3.0.0/toolchain/bin/../lib/gcc/arm-none-eabi/4.8.4/../../../../arm-none-eabi/lib/armv7e-m\libg_s.a(lib_a-memchr-stub.o)
                              c:/freescale/kds_3.0.0/toolchain/bin/../lib/gcc/arm-none-eabi/4.8.4/../../../../arm-none-eabi/lib/armv7e-m\libg_s.a(lib_a-svfprintf.o) (memchr)
c:/freescale/kds_3.0.0/toolchain/bin/../lib/gcc/arm-none-eabi/4.8.4/../../../../arm-none-eabi/lib/armv7e-m\libg_s.a(lib_a-nano-freer.o)
                              c:/freescale/kds_3.0.0/toolchain/bin/../lib/gcc/arm-none-eabi/4.8.4/../../../../arm-none-eabi/lib/armv7e-m\libg_s.a(lib_a-svfprintf.o) (_free_r)
c:/freescale/kds_3.0.0/toolchain/bin/../lib/gcc/arm-none-eabi/4.8.4/../../../../arm-none-eabi/lib/armv7e-m\libg_s.a(lib_a-nano-mallocr.o)
                              c:/freescale/kds_3.0.0/toolchain/bin/../lib/gcc/arm-none-eabi/4.8.4/../../../../arm-none-eabi/lib/armv7e-m\libg_s.a(lib_a-svfprintf.o) (_malloc_r)
c:/freescale/kds_3.0.0/toolchain/bin/../lib/gcc/arm-none-eabi/4.8.4/../../../../arm-none-eabi/lib/armv7e-m\libg_s.a(lib_a-nano-reallocr.o)
                              c:/freescale/kds_3.0.0/toolchain/bin/../lib/gcc/arm-none-eabi/4.8.4/../../../../arm-none-eabi/lib/armv7e-m\libg_s.a(lib_a-svfprintf.o) (_realloc_r)
c:/freescale/kds_3.0.0/toolchain/bin/../lib/gcc/arm-none-eabi/4.8.4/../../../../arm-none-eabi/lib/armv7e-m\libg_s.a(lib_a-sbrkr.o)
                              c:/freescale/kds_3.0.0/toolchain/bin/../lib/gcc/arm-none-eabi/4.8.4/../../../../arm-none-eabi/lib/armv7e-m\libg_s.a(lib_a-nano-mallocr.o) (_sbrk_r)
c:/freescale/kds_3.0.0/toolchain/bin/../lib/gcc/arm-none-eabi/4.8.4/../../../../arm-none-eabi/lib/armv7e-m\libg_s.a(lib_a-nano-msizer.o)
                              c:/freescale/kds_3.0.0/toolchain/bin/../lib/gcc/arm-none-eabi/4.8.4/../../../../arm-none-eabi/lib/armv7e-m\libg_s.a(lib_a-nano-reallocr.o) (_malloc_usable_size_r)
c:/freescale/kds_3.0.0/toolchain/bin/../lib/gcc/arm-none-eabi/4.8.4/../../../../arm-none-eabi/lib/armv7e-m\libg_s.a(lib_a-reent.o)
[...]
Memory Configuration

Name             Origin             Length             Attributes
m_interrupts     0x00000000         0x00000400         xr
m_flash_config   0x00000400         0x00000010         xr
m_text           0x00000410         0x0007fbf0         xr
m_data           0x1fff0000         0x00010000         rw
m_data_2         0x20000000         0x00010000         rw
*default*        0x00000000         0xffffffff

Linker script and memory map

LOAD c:/freescale/kds_3.0.0/toolchain/bin/../lib/gcc/arm-none-eabi/4.8.4/armv7e-m/crti.o
LOAD c:/freescale/kds_3.0.0/toolchain/bin/../lib/gcc/arm-none-eabi/4.8.4/armv7e-m/crtbegin.o
LOAD c:/freescale/kds_3.0.0/toolchain/bin/../lib/gcc/arm-none-eabi/4.8.4/../../../../arm-none-eabi/lib/armv7e-m/crt0.o
LOAD ./utilities/fsl_debug_console.o
LOAD ./utilities/fsl_notifier.o
LOAD ./utilities/fsl_sbrk.o
LOAD ./utilities/fsl_shell.o
LOAD ./startup/startup_MK60D10.o
LOAD ./source/crc_computation.o
LOAD ./source/main.o
LOAD ./source/uart.o
LOAD ./drivers/fsl_adc16.o
LOAD ./drivers/fsl_clock.o
LOAD ./drivers/fsl_cmp.o
LOAD ./drivers/fsl_cmt.o
LOAD ./drivers/fsl_common.o
LOAD ./drivers/fsl_crc.o
LOAD ./drivers/fsl_dac.o
LOAD ./drivers/fsl_dmamux.o
LOAD ./drivers/fsl_dspi.o
LOAD ./drivers/fsl_dspi_edma.o
LOAD ./drivers/fsl_edma.o
LOAD ./drivers/fsl_enet.o
LOAD ./drivers/fsl_ewm.o
LOAD ./drivers/fsl_flash.o
LOAD ./drivers/fsl_flexbus.o
LOAD ./drivers/fsl_flexcan.o
LOAD ./drivers/fsl_ftm.o
LOAD ./drivers/fsl_gpio.o
LOAD ./drivers/fsl_i2c.o
LOAD ./drivers/fsl_i2c_edma.o
LOAD ./drivers/fsl_llwu.o
LOAD ./drivers/fsl_lptmr.o
LOAD ./drivers/fsl_pdb.o
LOAD ./drivers/fsl_pit.o
LOAD ./drivers/fsl_pmc.o
LOAD ./drivers/fsl_rcm.o
LOAD ./drivers/fsl_rnga.o
LOAD ./drivers/fsl_rtc.o
LOAD ./drivers/fsl_sai.o
LOAD ./drivers/fsl_sai_edma.o
LOAD ./drivers/fsl_sdhc.o
LOAD ./drivers/fsl_sim.o
LOAD ./drivers/fsl_smc.o
LOAD ./drivers/fsl_sysmpu.o
LOAD ./drivers/fsl_tsi_v2.o
LOAD ./drivers/fsl_uart.o
LOAD ./drivers/fsl_uart_edma.o
LOAD ./drivers/fsl_vref.o
LOAD ./drivers/fsl_wdog.o
LOAD ./board/board.o
LOAD ./board/clock_config.o
LOAD ./board/pin_mux.o
LOAD ./CMSIS/system_MK60D10.o
LOAD c:/freescale/kds_3.0.0/toolchain/bin/../lib/gcc/arm-none-eabi/4.8.4/../../../../arm-none-eabi/lib/armv7e-m\libstdc++_s.a
LOAD c:/freescale/kds_3.0.0/toolchain/bin/../lib/gcc/arm-none-eabi/4.8.4/../../../../arm-none-eabi/lib/armv7e-m\libm.a
START GROUP
LOAD c:/freescale/kds_3.0.0/toolchain/bin/../lib/gcc/arm-none-eabi/4.8.4/armv7e-m\libgcc.a
LOAD c:/freescale/kds_3.0.0/toolchain/bin/../lib/gcc/arm-none-eabi/4.8.4/../../../../arm-none-eabi/lib/armv7e-m\libg_s.a
LOAD c:/freescale/kds_3.0.0/toolchain/bin/../lib/gcc/arm-none-eabi/4.8.4/../../../../arm-none-eabi/lib/armv7e-m\libc_s.a
END GROUP
START GROUP
LOAD c:/freescale/kds_3.0.0/toolchain/bin/../lib/gcc/arm-none-eabi/4.8.4/armv7e-m\libgcc.a
LOAD c:/freescale/kds_3.0.0/toolchain/bin/../lib/gcc/arm-none-eabi/4.8.4/../../../../arm-none-eabi/lib/armv7e-m\libc_s.a
LOAD c:/freescale/kds_3.0.0/toolchain/bin/../lib/gcc/arm-none-eabi/4.8.4/../../../../arm-none-eabi/lib/armv7e-m\libnosys.a
END GROUP
START GROUP
LOAD c:/freescale/kds_3.0.0/toolchain/bin/../lib/gcc/arm-none-eabi/4.8.4/armv7e-m\libgcc.a
LOAD c:/freescale/kds_3.0.0/toolchain/bin/../lib/gcc/arm-none-eabi/4.8.4/../../../../arm-none-eabi/lib/armv7e-m\libc_s.a
LOAD c:/freescale/kds_3.0.0/toolchain/bin/../lib/gcc/arm-none-eabi/4.8.4/../../../../arm-none-eabi/lib/armv7e-m\libnosys.a
END GROUP
LOAD c:/freescale/kds_3.0.0/toolchain/bin/../lib/gcc/arm-none-eabi/4.8.4/armv7e-m/crtend.o
LOAD c:/freescale/kds_3.0.0/toolchain/bin/../lib/gcc/arm-none-eabi/4.8.4/armv7e-m/crtn.o
                0x00000400                HEAP_SIZE = DEFINED (__heap_size__)?__heap_size__:0x400
                0x00000400                STACK_SIZE = DEFINED (__stack_size__)?__stack_size__:0x400
                0x00000000                M_VECTOR_RAM_SIZE = DEFINED (__ram_vector_table__)?0x400:0x0

.interrupts     0x00000000      0x400
                0x00000000                __VECTOR_TABLE = .
                0x00000000                . = ALIGN (0x4)
 *(.isr_vector)
 .isr_vector    0x00000000      0x400 ./startup/startup_MK60D10.o
                0x00000000                __isr_vector
                0x00000400                . = ALIGN (0x4)

.flash_config   0x00000400       0x10
                0x00000400                . = ALIGN (0x4)
 *(.FlashConfig)
 .FlashConfig   0x00000400       0x10 ./startup/startup_MK60D10.o
                0x00000410                . = ALIGN (0x4)

.text           0x00000410     0x2444
                0x00000410                . = ALIGN (0x4)
 *(.text)
 .text          0x00000410       0x54 c:/freescale/kds_3.0.0/toolchain/bin/../lib/gcc/arm-none-eabi/4.8.4/armv7e-m/crtbegin.o
 .text          0x00000464       0x74 c:/freescale/kds_3.0.0/toolchain/bin/../lib/gcc/arm-none-eabi/4.8.4/../../../../arm-none-eabi/lib/armv7e-m/crt0.o
                0x00000464                _start
                0x00000464                _mainCRTStartup
 .text          0x000004d8      0x1fc ./startup/startup_MK60D10.o
                0x000004d8                Reset_Handler
                0x00000520                Reserved111_IRQHandler
                0x00000520                DebugMon_Handler
                0x00000520                PORTC_IRQHandler
                0x00000520                CMP0_IRQHandler
                0x00000520                ENET_Transmit_DriverIRQHandler
                0x00000520                DMA_Error_DriverIRQHandler
                0x00000520                UART1_ERR_DriverIRQHandler
                0x00000520                BusFault_Handler
                0x00000520                Reserved114_IRQHandler
                0x00000520                LPTMR0_IRQHandler
                0x00000520                FTM2_IRQHandler
                0x00000520                PORTE_IRQHandler
                0x00000520                FTFL_IRQHandler
                0x00000520                MCM_IRQHandler
                0x00000520                Reserved59_IRQHandler
                0x00000520                DAC1_IRQHandler
                0x00000520                PIT0_IRQHandler
                0x00000520                Reserved119_IRQHandler
                0x00000520                PORTA_IRQHandler
                0x00000520                CMP2_IRQHandler
                0x00000520                LLWU_IRQHandler
                0x00000520                Reserved116_IRQHandler
                0x00000520                TSI0_IRQHandler
                0x00000520                FTM0_IRQHandler
                0x00000520                LVD_LVW_IRQHandler
                0x00000520                ENET_1588_Timer_DriverIRQHandler
                0x00000520                SWI_IRQHandler
                0x00000520                ADC0_IRQHandler
                0x00000520                UsageFault_Handler
                0x00000520                PIT1_IRQHandler
                0x00000520                CMT_IRQHandler
                0x00000520                Reserved112_IRQHandler
                0x00000520                ENET_Error_DriverIRQHandler
                0x00000520                DefaultISR
                0x00000520                Reserved118_IRQHandler
                0x00000520                UART5_ERR_DriverIRQHandler
                0x00000520                DAC0_IRQHandler
                0x00000520                CMP1_IRQHandler
                0x00000520                PORTD_IRQHandler
                0x00000520                PORTB_IRQHandler
                0x00000520                ENET_Receive_DriverIRQHandler
                0x00000520                UART2_ERR_DriverIRQHandler
                0x00000520                ADC1_IRQHandler
                0x00000520                PIT2_IRQHandler
                0x00000520                RNG_IRQHandler
                0x00000520                Reserved109_IRQHandler
                0x00000520                RTC_IRQHandler
                0x00000520                UART3_ERR_DriverIRQHandler
                0x00000520                PDB0_IRQHandler
                0x00000520                UART0_LON_DriverIRQHandler
                0x00000520                UART0_ERR_DriverIRQHandler
                0x00000520                FTM1_IRQHandler
                0x00000520                Reserved115_IRQHandler
                0x00000520                Reserved95_IRQHandler
                0x00000520                MemManage_Handler
                0x00000520                PIT3_IRQHandler
                0x00000520                WDOG_EWM_IRQHandler
                0x00000520                RTC_Seconds_IRQHandler
                0x00000520                MCG_IRQHandler
                0x00000520                Reserved108_IRQHandler
                0x00000520                Reserved113_IRQHandler
                0x00000520                Reserved117_IRQHandler
                0x00000520                UART4_ERR_DriverIRQHandler
                0x00000520                USB0_IRQHandler
                0x00000520                USBDCD_IRQHandler
                0x00000520                Read_Collision_IRQHandler
                0x00000520                Reserved102_IRQHandler
                0x00000524                NMI_Handler
                0x00000528                HardFault_Handler
                0x0000052c                SVC_Handler
                0x00000530                PendSV_Handler
                0x00000534                SysTick_Handler
                0x00000538                DMA0_IRQHandler
                0x0000053c                DMA1_IRQHandler
                0x00000540                DMA2_IRQHandler
                0x00000544                DMA3_IRQHandler
                0x00000548                DMA4_IRQHandler
                0x0000054c                DMA5_IRQHandler
                0x00000550                DMA6_IRQHandler
                0x00000554                DMA7_IRQHandler
                0x00000558                DMA8_IRQHandler
                0x0000055c                DMA9_IRQHandler
                0x00000560                DMA10_IRQHandler
                0x00000564                DMA11_IRQHandler
                0x00000568                DMA12_IRQHandler
                0x0000056c                DMA13_IRQHandler
                0x00000570                DMA14_IRQHandler
                0x00000574                DMA15_IRQHandler
                0x00000578                DMA_Error_IRQHandler
                0x0000057c                I2C0_IRQHandler
                0x00000580                I2C1_IRQHandler
                0x00000584                SPI0_IRQHandler
                0x00000588                SPI1_IRQHandler
                0x0000058c                SPI2_IRQHandler
                0x00000590                CAN0_ORed_Message_buffer_IRQHandler
                0x00000594                CAN0_Bus_Off_IRQHandler
                0x00000598                CAN0_Error_IRQHandler
                0x0000059c                CAN0_Tx_Warning_IRQHandler
                0x000005a0                CAN0_Rx_Warning_IRQHandler
                0x000005a4                CAN0_Wake_Up_IRQHandler
                0x000005a8                I2S0_Tx_IRQHandler
                0x000005ac                I2S0_Rx_IRQHandler
                0x000005b0                CAN1_ORed_Message_buffer_IRQHandler
                0x000005b4                CAN1_Bus_Off_IRQHandler
                0x000005b8                CAN1_Error_IRQHandler
                0x000005bc                CAN1_Tx_Warning_IRQHandler
                0x000005c0                CAN1_Rx_Warning_IRQHandler
                0x000005c4                CAN1_Wake_Up_IRQHandler
                0x000005c8                UART0_LON_IRQHandler
                0x000005cc                UART0_RX_TX_IRQHandler
                0x000005d0                UART0_ERR_IRQHandler
                0x000005d4                UART1_RX_TX_IRQHandler
                0x000005d8                UART1_ERR_IRQHandler
                0x000005dc                UART2_RX_TX_IRQHandler
                0x000005e0                UART2_ERR_IRQHandler
                0x000005e4                UART3_RX_TX_IRQHandler
                0x000005e8                UART3_ERR_IRQHandler
                0x000005ec                UART4_RX_TX_IRQHandler
                0x000005f0                UART4_ERR_IRQHandler
                0x000005f4                UART5_RX_TX_IRQHandler
                0x000005f8                UART5_ERR_IRQHandler
                0x0000060c                SDHC_IRQHandler
 *(.text*)
 .text.DbgConsole_Init
                0x000006d4       0x64 ./utilities/fsl_debug_console.o
                0x000006d4                DbgConsole_Init
 .text._sbrk    0x00000738       0x38 ./utilities/fsl_sbrk.o
                0x00000738                _sbrk
 .text.Start_Uart
                0x00000770       0x30 ./source/main.o
                0x00000770                Start_Uart
 .text.crc16_from_module
                0x000007a0       0x48 ./source/main.o
                0x000007a0                crc16_from_module
 .text.crc32_from_module
                0x000007e8       0x50 ./source/main.o
                0x000007e8                crc32_from_module
 .text.crc16_from_table
                0x00000838       0x2c ./source/main.o
                0x00000838                crc16_from_table
 .text.crc32_from_table
                0x00000864       0x28 ./source/main.o
                0x00000864                crc32_from_table
 .text.crc16    0x0000088c       0x3a ./source/main.o
                0x0000088c                crc16
 *fill*         0x000008c6        0x2 
 .text.crc32    0x000008c8       0x30 ./source/main.o
                0x000008c8                crc32
 .text.my_printf
                0x000008f8       0x1c ./source/main.o
                0x000008f8                my_printf
 .text.predved_sa
                0x00000914      0x108 ./source/main.o
                0x00000914                predved_sa
 .text.zanesena1chyba
                0x00000a1c      0x108 ./source/main.o
                0x00000a1c                zanesena1chyba
 .text.zanesenieviacchyb
                0x00000b24      0x108 ./source/main.o
                0x00000b24                zanesenieviacchyb
 .text.startup.main
                0x00000c2c       0x22 ./source/main.o
                0x00000c2c                main
 *fill*         0x00000c4e        0x2 
 .text.CLOCK_GetMcgExtClkFreq
                0x00000c50       0x1c ./drivers/fsl_clock.o
 .text.CLOCK_GetFllRefClkFreq
                0x00000c6c       0x50 ./drivers/fsl_clock.o
 .text.CLOCK_GetInternalRefClkSelectFreq
                0x00000cbc       0x2c ./drivers/fsl_clock.o
 .text.CLOCK_SetSimConfig
                0x00000ce8       0x3c ./drivers/fsl_clock.o
                0x00000ce8                CLOCK_SetSimConfig
 .text.CLOCK_GetFllFreq
                0x00000d24       0x40 ./drivers/fsl_clock.o
                0x00000d24                CLOCK_GetFllFreq
 .text.CLOCK_GetPll0Freq
                0x00000d64       0x30 ./drivers/fsl_clock.o
                0x00000d64                CLOCK_GetPll0Freq
 .text.CLOCK_GetOutClkFreq
                0x00000d94       0x28 ./drivers/fsl_clock.o
                0x00000d94                CLOCK_GetOutClkFreq
 .text.CLOCK_GetBusClkFreq
                0x00000dbc       0x20 ./drivers/fsl_clock.o
                0x00000dbc                CLOCK_GetBusClkFreq
 .text.CLOCK_SetExternalRefClkConfig
                0x00000ddc       0x30 ./drivers/fsl_clock.o
                0x00000ddc                CLOCK_SetExternalRefClkConfig
 .text.CLOCK_SetInternalRefClkConfig
                0x00000e0c       0x80 ./drivers/fsl_clock.o
                0x00000e0c                CLOCK_SetInternalRefClkConfig
 .text.CLOCK_EnablePll0
                0x00000e8c       0x34 ./drivers/fsl_clock.o
                0x00000e8c                CLOCK_EnablePll0
 .text.CLOCK_InitOsc0
                0x00000ec0       0x64 ./drivers/fsl_clock.o
                0x00000ec0                CLOCK_InitOsc0
 .text.CLOCK_SetPbeMode
                0x00000f24       0x50 ./drivers/fsl_clock.o
                0x00000f24                CLOCK_SetPbeMode
 .text.CLOCK_BootToPeeMode
                0x00000f74       0x30 ./drivers/fsl_clock.o
                0x00000f74                CLOCK_BootToPeeMode
 .text.CRC_Init
                0x00000fa4       0x74 ./drivers/fsl_crc.o
                0x00000fa4                CRC_Init
 .text.CRC_WriteData
                0x00001018       0x3e ./drivers/fsl_crc.o
                0x00001018                CRC_WriteData
 .text.CRC_Get32bitResult
                0x00001056        0x4 ./drivers/fsl_crc.o
                0x00001056                CRC_Get32bitResult
 .text.CRC_Get16bitResult
                0x0000105a       0x12 ./drivers/fsl_crc.o
                0x0000105a                CRC_Get16bitResult
 .text.DSPI_CommonIRQHandler
                0x0000106c       0x1c ./drivers/fsl_dspi.o
 .text.SPI0_DriverIRQHandler
                0x00001088       0x14 ./drivers/fsl_dspi.o
                0x00001088                SPI0_DriverIRQHandler
 .text.SPI1_DriverIRQHandler
                0x0000109c       0x14 ./drivers/fsl_dspi.o
                0x0000109c                SPI1_DriverIRQHandler
 .text.SPI2_DriverIRQHandler
                0x000010b0       0x14 ./drivers/fsl_dspi.o
                0x000010b0                SPI2_DriverIRQHandler
 .text.EDMA_HandleIRQ
                0x000010c4       0x7e ./drivers/fsl_edma.o
                0x000010c4                EDMA_HandleIRQ
 *fill*         0x00001142        0x2 
 .text.DMA0_DriverIRQHandler
                0x00001144        0xc ./drivers/fsl_edma.o
                0x00001144                DMA0_DriverIRQHandler
 .text.DMA1_DriverIRQHandler
                0x00001150        0xc ./drivers/fsl_edma.o
                0x00001150                DMA1_DriverIRQHandler
 .text.DMA2_DriverIRQHandler
                0x0000115c        0xc ./drivers/fsl_edma.o
                0x0000115c                DMA2_DriverIRQHandler
 .text.DMA3_DriverIRQHandler
                0x00001168        0xc ./drivers/fsl_edma.o
                0x00001168                DMA3_DriverIRQHandler
 .text.DMA4_DriverIRQHandler
                0x00001174        0xc ./drivers/fsl_edma.o
                0x00001174                DMA4_DriverIRQHandler
 .text.DMA5_DriverIRQHandler
                0x00001180        0xc ./drivers/fsl_edma.o
                0x00001180                DMA5_DriverIRQHandler
 .text.DMA6_DriverIRQHandler
                0x0000118c        0xc ./drivers/fsl_edma.o
                0x0000118c                DMA6_DriverIRQHandler
 .text.DMA7_DriverIRQHandler
                0x00001198        0xc ./drivers/fsl_edma.o
                0x00001198                DMA7_DriverIRQHandler
 .text.DMA8_DriverIRQHandler
                0x000011a4        0xc ./drivers/fsl_edma.o
                0x000011a4                DMA8_DriverIRQHandler
 .text.DMA9_DriverIRQHandler
                0x000011b0        0xc ./drivers/fsl_edma.o
                0x000011b0                DMA9_DriverIRQHandler
 .text.DMA10_DriverIRQHandler
                0x000011bc        0xc ./drivers/fsl_edma.o
                0x000011bc                DMA10_DriverIRQHandler
 .text.DMA11_DriverIRQHandler
                0x000011c8        0xc ./drivers/fsl_edma.o
                0x000011c8                DMA11_DriverIRQHandler
 .text.DMA12_DriverIRQHandler
                0x000011d4        0xc ./drivers/fsl_edma.o
                0x000011d4                DMA12_DriverIRQHandler
 .text.DMA13_DriverIRQHandler
                0x000011e0        0xc ./drivers/fsl_edma.o
                0x000011e0                DMA13_DriverIRQHandler
 .text.DMA14_DriverIRQHandler
                0x000011ec        0xc ./drivers/fsl_edma.o
                0x000011ec                DMA14_DriverIRQHandler
 .text.DMA15_DriverIRQHandler
                0x000011f8        0xc ./drivers/fsl_edma.o
                0x000011f8                DMA15_DriverIRQHandler
 .text.ENET_Transmit_IRQHandler
                0x00001204       0x1c ./drivers/fsl_enet.o
                0x00001204                ENET_Transmit_IRQHandler
 .text.ENET_Receive_IRQHandler
                0x00001220       0x1c ./drivers/fsl_enet.o
                0x00001220                ENET_Receive_IRQHandler
 .text.ENET_Error_IRQHandler
                0x0000123c       0x1c ./drivers/fsl_enet.o
                0x0000123c                ENET_Error_IRQHandler
 .text.ENET_1588_Timer_IRQHandler
                0x00001258       0x1c ./drivers/fsl_enet.o
                0x00001258                ENET_1588_Timer_IRQHandler
 .text.CAN0_DriverIRQHandler
                0x00001274       0x1c ./drivers/fsl_flexcan.o
                0x00001274                CAN0_DriverIRQHandler
 .text.CAN1_DriverIRQHandler
                0x00001290       0x1c ./drivers/fsl_flexcan.o
                0x00001290                CAN1_DriverIRQHandler
 .text.I2C_TransferCommonIRQHandler
                0x000012ac       0x34 ./drivers/fsl_i2c.o
 .text.I2C0_DriverIRQHandler
                0x000012e0       0x14 ./drivers/fsl_i2c.o
                0x000012e0                I2C0_DriverIRQHandler
 .text.I2C1_DriverIRQHandler
                0x000012f4       0x14 ./drivers/fsl_i2c.o
                0x000012f4                I2C1_DriverIRQHandler
 .text.I2S0_Tx_DriverIRQHandler
                0x00001308       0x1c ./drivers/fsl_sai.o
                0x00001308                I2S0_Tx_DriverIRQHandler
 .text.I2S0_Rx_DriverIRQHandler
                0x00001324       0x1c ./drivers/fsl_sai.o
                0x00001324                I2S0_Rx_DriverIRQHandler
 .text.SDHC_DriverIRQHandler
                0x00001340       0x1c ./drivers/fsl_sdhc.o
                0x00001340                SDHC_DriverIRQHandler
 .text.UART_GetInstance
                0x0000135c       0x1c ./drivers/fsl_uart.o
                0x0000135c                UART_GetInstance
 .text.UART_Init
                0x00001378       0xe4 ./drivers/fsl_uart.o
                0x00001378                UART_Init
 .text.UART_GetDefaultConfig
                0x0000145c       0x16 ./drivers/fsl_uart.o
                0x0000145c                UART_GetDefaultConfig
 .text.UART_GetStatusFlags
                0x00001472       0x16 ./drivers/fsl_uart.o
                0x00001472                UART_GetStatusFlags
 .text.UART_WriteBlocking
                0x00001488       0x16 ./drivers/fsl_uart.o
                0x00001488                UART_WriteBlocking
 .text.UART_ReadBlocking
                0x0000149e       0x4a ./drivers/fsl_uart.o
                0x0000149e                UART_ReadBlocking
 .text.UART0_DriverIRQHandler
                0x000014e8       0x1c ./drivers/fsl_uart.o
                0x000014e8                UART0_DriverIRQHandler
 .text.UART0_RX_TX_DriverIRQHandler
                0x00001504        0x4 ./drivers/fsl_uart.o
                0x00001504                UART0_RX_TX_DriverIRQHandler
 .text.UART1_DriverIRQHandler
                0x00001508       0x1c ./drivers/fsl_uart.o
                0x00001508                UART1_DriverIRQHandler
 .text.UART1_RX_TX_DriverIRQHandler
                0x00001524        0x4 ./drivers/fsl_uart.o
                0x00001524                UART1_RX_TX_DriverIRQHandler
 .text.UART2_DriverIRQHandler
                0x00001528       0x1c ./drivers/fsl_uart.o
                0x00001528                UART2_DriverIRQHandler
 .text.UART2_RX_TX_DriverIRQHandler
                0x00001544        0x4 ./drivers/fsl_uart.o
                0x00001544                UART2_RX_TX_DriverIRQHandler
 .text.UART3_DriverIRQHandler
                0x00001548       0x1c ./drivers/fsl_uart.o
                0x00001548                UART3_DriverIRQHandler
 .text.UART3_RX_TX_DriverIRQHandler
                0x00001564        0x4 ./drivers/fsl_uart.o
                0x00001564                UART3_RX_TX_DriverIRQHandler
 .text.UART4_DriverIRQHandler
                0x00001568       0x1c ./drivers/fsl_uart.o
                0x00001568                UART4_DriverIRQHandler
 .text.UART4_RX_TX_DriverIRQHandler
                0x00001584        0x4 ./drivers/fsl_uart.o
                0x00001584                UART4_RX_TX_DriverIRQHandler
 .text.UART5_DriverIRQHandler
                0x00001588       0x1c ./drivers/fsl_uart.o
                0x00001588                UART5_DriverIRQHandler
 .text.UART5_RX_TX_DriverIRQHandler
                0x000015a4        0x4 ./drivers/fsl_uart.o
                0x000015a4                UART5_RX_TX_DriverIRQHandler
 .text.BOARD_InitDebugConsole
                0x000015a8       0x1c ./board/board.o
                0x000015a8                BOARD_InitDebugConsole
 .text.BOARD_BootClockRUN
                0x000015c4       0x6c ./board/clock_config.o
                0x000015c4                BOARD_BootClockRUN
 .text.BOARD_InitPins
                0x00001630       0x30 ./board/pin_mux.o
                0x00001630                BOARD_InitPins
 .text.SystemInit
                0x00001660       0x1c ./CMSIS/system_MK60D10.o
                0x00001660                SystemInit
 .text.__errno  0x0000167c        0xc c:/freescale/kds_3.0.0/toolchain/bin/../lib/gcc/arm-none-eabi/4.8.4/../../../../arm-none-eabi/lib/armv7e-m\libg_s.a(lib_a-errno.o)
                0x0000167c                __errno
 .text.exit     0x00001688       0x28 c:/freescale/kds_3.0.0/toolchain/bin/../lib/gcc/arm-none-eabi/4.8.4/../../../../arm-none-eabi/lib/armv7e-m\libg_s.a(lib_a-exit.o)
                0x00001688                exit
 .text.__libc_init_array
                0x000016b0       0x4c c:/freescale/kds_3.0.0/toolchain/bin/../lib/gcc/arm-none-eabi/4.8.4/../../../../arm-none-eabi/lib/armv7e-m\libg_s.a(lib_a-init.o)
                0x000016b0                __libc_init_array
 .text.memcpy   0x000016fc       0x12 c:/freescale/kds_3.0.0/toolchain/bin/../lib/gcc/arm-none-eabi/4.8.4/../../../../arm-none-eabi/lib/armv7e-m\libg_s.a(lib_a-memcpy-stub.o)
                0x000016fc                memcpy
 .text.memmove  0x0000170e       0x36 c:/freescale/kds_3.0.0/toolchain/bin/../lib/gcc/arm-none-eabi/4.8.4/../../../../arm-none-eabi/lib/armv7e-m\libg_s.a(lib_a-memmove.o)
                0x0000170e                memmove
 .text.memset   0x00001744       0x10 c:/freescale/kds_3.0.0/toolchain/bin/../lib/gcc/arm-none-eabi/4.8.4/../../../../arm-none-eabi/lib/armv7e-m\libg_s.a(lib_a-memset.o)
                0x00001744                memset
 .text.sprintf  0x00001754       0x48 c:/freescale/kds_3.0.0/toolchain/bin/../lib/gcc/arm-none-eabi/4.8.4/../../../../arm-none-eabi/lib/armv7e-m\libg_s.a(lib_a-sprintf.o)
                0x00001754                siprintf
                0x00001754                sprintf
 .text.strlen   0x0000179c       0x10 c:/freescale/kds_3.0.0/toolchain/bin/../lib/gcc/arm-none-eabi/4.8.4/../../../../arm-none-eabi/lib/armv7e-m\libg_s.a(lib_a-strlen.o)
                0x0000179c                strlen
 .text.__ssputs_r
                0x000017ac       0xb8 c:/freescale/kds_3.0.0/toolchain/bin/../lib/gcc/arm-none-eabi/4.8.4/../../../../arm-none-eabi/lib/armv7e-m\libg_s.a(lib_a-svfprintf.o)
                0x000017ac                __ssputs_r
 .text._svfprintf_r
                0x00001864      0x1dc c:/freescale/kds_3.0.0/toolchain/bin/../lib/gcc/arm-none-eabi/4.8.4/../../../../arm-none-eabi/lib/armv7e-m\libg_s.a(lib_a-svfprintf.o)
                0x00001864                _svfiprintf_r
                0x00001864                _svfprintf_r
 .text._printf_common
                0x00001a40       0xe4 c:/freescale/kds_3.0.0/toolchain/bin/../lib/gcc/arm-none-eabi/4.8.4/../../../../arm-none-eabi/lib/armv7e-m\libg_s.a(lib_a-vfprintf_i.o)
                0x00001a40                _printf_common
 .text._printf_i
                0x00001b24      0x228 c:/freescale/kds_3.0.0/toolchain/bin/../lib/gcc/arm-none-eabi/4.8.4/../../../../arm-none-eabi/lib/armv7e-m\libg_s.a(lib_a-vfprintf_i.o)
                0x00001b24                _printf_i
 .text.memchr   0x00001d4c       0x1e c:/freescale/kds_3.0.0/toolchain/bin/../lib/gcc/arm-none-eabi/4.8.4/../../../../arm-none-eabi/lib/armv7e-m\libg_s.a(lib_a-memchr-stub.o)
                0x00001d4c                memchr
 *fill*         0x00001d6a        0x2 
 .text._free_r  0x00001d6c       0x88 c:/freescale/kds_3.0.0/toolchain/bin/../lib/gcc/arm-none-eabi/4.8.4/../../../../arm-none-eabi/lib/armv7e-m\libg_s.a(lib_a-nano-freer.o)
                0x00001d6c                _free_r
 .text._malloc_r
                0x00001df4       0xa8 c:/freescale/kds_3.0.0/toolchain/bin/../lib/gcc/arm-none-eabi/4.8.4/../../../../arm-none-eabi/lib/armv7e-m\libg_s.a(lib_a-nano-mallocr.o)
                0x00001df4                _malloc_r
 .text._realloc_r
                0x00001e9c       0x4c c:/freescale/kds_3.0.0/toolchain/bin/../lib/gcc/arm-none-eabi/4.8.4/../../../../arm-none-eabi/lib/armv7e-m\libg_s.a(lib_a-nano-reallocr.o)
                0x00001e9c                _realloc_r
 .text._sbrk_r  0x00001ee8       0x20 c:/freescale/kds_3.0.0/toolchain/bin/../lib/gcc/arm-none-eabi/4.8.4/../../../../arm-none-eabi/lib/armv7e-m\libg_s.a(lib_a-sbrkr.o)
                0x00001ee8                _sbrk_r
 .text._malloc_usable_size_r
                0x00001f08       0x12 c:/freescale/kds_3.0.0/toolchain/bin/../lib/gcc/arm-none-eabi/4.8.4/../../../../arm-none-eabi/lib/armv7e-m\libg_s.a(lib_a-nano-msizer.o)
                0x00001f08                _malloc_usable_size_r
 *fill*         0x00001f1a        0x2 
 .text._exit    0x00001f1c        0x4 c:/freescale/kds_3.0.0/toolchain/bin/../lib/gcc/arm-none-eabi/4.8.4/../../../../arm-none-eabi/lib/armv7e-m\libnosys.a(_exit.o)
                0x00001f1c                _exit
 *(.rodata)
 *(.rodata*)
 .rodata.str1.1
                0x00001f20      0x283 ./source/main.o
                                0x294 (size before relaxing)
 *fill*         0x000021a3        0x1 
 .rodata.table_for_32bCRC
                0x000021a4      0x400 ./source/main.o
 .rodata.table_for_16bCRC
                0x000025a4      0x200 ./source/main.o
 .rodata.fllFactorTable.6928
                0x000027a4       0x10 ./drivers/fsl_clock.o
 .rodata.s_uartBases
                0x000027b4       0x18 ./drivers/fsl_uart.o
 .rodata.s_uartClock
                0x000027cc       0x18 ./drivers/fsl_uart.o
 .rodata.simConfig_BOARD_BootClockRUN
                0x000027e4        0x8 ./board/clock_config.o
                0x000027e4                simConfig_BOARD_BootClockRUN
 .rodata.mcgConfig_BOARD_BootClockRUN
                0x000027ec        0xb ./board/clock_config.o
                0x000027ec                mcgConfig_BOARD_BootClockRUN
 *fill*         0x000027f7        0x1 
 .rodata.oscConfig_BOARD_BootClockRUN
                0x000027f8        0x8 ./board/clock_config.o
                0x000027f8                oscConfig_BOARD_BootClockRUN
 .rodata.str1.1
                0x00002800        0x2 c:/freescale/kds_3.0.0/toolchain/bin/../lib/gcc/arm-none-eabi/4.8.4/../../../../arm-none-eabi/lib/armv7e-m\libg_s.a(lib_a-impure.o)
 *fill*         0x00002802        0x2 
 .rodata._global_impure_ptr
                0x00002804        0x4 c:/freescale/kds_3.0.0/toolchain/bin/../lib/gcc/arm-none-eabi/4.8.4/../../../../arm-none-eabi/lib/armv7e-m\libg_s.a(lib_a-impure.o)
                0x00002804                _global_impure_ptr
 .rodata.str1.1
                0x00002808       0x11 c:/freescale/kds_3.0.0/toolchain/bin/../lib/gcc/arm-none-eabi/4.8.4/../../../../arm-none-eabi/lib/armv7e-m\libg_s.a(lib_a-svfprintf.o)
 .rodata.str1.1
                0x00002819       0x22 c:/freescale/kds_3.0.0/toolchain/bin/../lib/gcc/arm-none-eabi/4.8.4/../../../../arm-none-eabi/lib/armv7e-m\libg_s.a(lib_a-vfprintf_i.o)
 *(.glue_7)
 .glue_7        0x00000000        0x0 linker stubs
 *(.glue_7t)
 .glue_7t       0x00000000        0x0 linker stubs
 *(.eh_frame)
 *fill*         0x0000283b        0x1 
 .eh_frame      0x0000283c        0x0 c:/freescale/kds_3.0.0/toolchain/bin/../lib/gcc/arm-none-eabi/4.8.4/armv7e-m/crtbegin.o
 *(.init)
 .init          0x0000283c        0x4 c:/freescale/kds_3.0.0/toolchain/bin/../lib/gcc/arm-none-eabi/4.8.4/armv7e-m/crti.o
                0x0000283c                _init
 .init          0x00002840        0x8 c:/freescale/kds_3.0.0/toolchain/bin/../lib/gcc/arm-none-eabi/4.8.4/armv7e-m/crtn.o
 *(.fini)
 .fini          0x00002848        0x4 c:/freescale/kds_3.0.0/toolchain/bin/../lib/gcc/arm-none-eabi/4.8.4/armv7e-m/crti.o
                0x00002848                _fini
 .fini          0x0000284c        0x8 c:/freescale/kds_3.0.0/toolchain/bin/../lib/gcc/arm-none-eabi/4.8.4/armv7e-m/crtn.o
                0x00002854                . = ALIGN (0x4)

.vfp11_veneer   0x00002854        0x0
 .vfp11_veneer  0x00000000        0x0 linker stubs

.v4_bx          0x00002854        0x0
 .v4_bx         0x00000000        0x0 linker stubs

.iplt           0x00002854        0x0
 .iplt          0x00000000        0x0 c:/freescale/kds_3.0.0/toolchain/bin/../lib/gcc/arm-none-eabi/4.8.4/armv7e-m/crtbegin.o

.ARM.extab
 *(.ARM.extab* .gnu.linkonce.armextab.*)

.ARM            0x00002854        0x8
                0x00002854                __exidx_start = .
 *(.ARM.exidx*)
 .ARM.exidx     0x00002854        0x8 c:/freescale/kds_3.0.0/toolchain/bin/../lib/gcc/arm-none-eabi/4.8.4/../../../../arm-none-eabi/lib/armv7e-m/crt0.o
                0x0000285c                __exidx_end = .

.rel.dyn        0x0000285c        0x0
 .rel.iplt      0x00000000        0x0 c:/freescale/kds_3.0.0/toolchain/bin/../lib/gcc/arm-none-eabi/4.8.4/armv7e-m/crtbegin.o

.ctors          0x0000285c        0x0
                0x0000285c                __CTOR_LIST__ = .
 *crtbegin.o(.ctors)
 *crtbegin?.o(.ctors)
 *(EXCLUDE_FILE(*crtend.o *crtend?.o) .ctors)
 *(SORT(.ctors.*))
 *(.ctors)
                0x0000285c                __CTOR_END__ = .

.dtors          0x0000285c        0x0
                0x0000285c                __DTOR_LIST__ = .
 *crtbegin.o(.dtors)
 *crtbegin?.o(.dtors)
 *(EXCLUDE_FILE(*crtend.o *crtend?.o) .dtors)
 *(SORT(.dtors.*))
 *(.dtors)
                0x0000285c                __DTOR_END__ = .

.preinit_array  0x0000285c        0x0
                0x0000285c                PROVIDE (__preinit_array_start, .)
 *(.preinit_array*)
                0x0000285c                PROVIDE (__preinit_array_end, .)

.init_array     0x0000285c        0x4
                0x0000285c                PROVIDE (__init_array_start, .)
 *(SORT(.init_array.*))
 *(.init_array*)
 .init_array    0x0000285c        0x4 c:/freescale/kds_3.0.0/toolchain/bin/../lib/gcc/arm-none-eabi/4.8.4/armv7e-m/crtbegin.o
                0x00002860                PROVIDE (__init_array_end, .)

.fini_array     0x00002860        0x4
                0x00002860                PROVIDE (__fini_array_start, .)
 *(SORT(.fini_array.*))
 *(.fini_array*)
 .fini_array    0x00002860        0x4 c:/freescale/kds_3.0.0/toolchain/bin/../lib/gcc/arm-none-eabi/4.8.4/armv7e-m/crtbegin.o
                0x00002864                PROVIDE (__fini_array_end, .)
                0x00002864                __etext = .
                0x00002864                __DATA_ROM = .

.interrupts_ram
                0x1fff0000        0x0
                0x1fff0000                . = ALIGN (0x4)
                0x1fff0000                __VECTOR_RAM__ = .
                0x1fff0000                __interrupts_ram_start__ = .
 *(.m_interrupts_ram)
                0x1fff0000                . = (. + M_VECTOR_RAM_SIZE)
                0x1fff0000                . = ALIGN (0x4)
                0x1fff0000                __interrupts_ram_end__ = .
                0x00000000                __VECTOR_RAM = DEFINED (__ram_vector_table__)?__VECTOR_RAM__:ORIGIN (m_interrupts)
                0x00000000                __RAM_VECTOR_TABLE_SIZE_BYTES = DEFINED (__ram_vector_table__)?(__interrupts_ram_end__ - __interrupts_ram_start__):0x0

.data           0x1fff0000       0x74 load address 0x00002864
                0x1fff0000                . = ALIGN (0x4)
                0x1fff0000                __DATA_RAM = .
                0x1fff0000                __data_start__ = .
 *(.data)
 *(.data*)
 .data.s_slowIrcFreq
                0x1fff0000        0x4 ./drivers/fsl_clock.o
 .data.s_fastIrcFreq
                0x1fff0004        0x4 ./drivers/fsl_clock.o
 .data.SystemCoreClock
                0x1fff0008        0x4 ./CMSIS/system_MK60D10.o
                0x1fff0008                SystemCoreClock
 .data.impure_data
                0x1fff000c       0x60 c:/freescale/kds_3.0.0/toolchain/bin/../lib/gcc/arm-none-eabi/4.8.4/../../../../arm-none-eabi/lib/armv7e-m\libg_s.a(lib_a-impure.o)
 .data._impure_ptr
                0x1fff006c        0x4 c:/freescale/kds_3.0.0/toolchain/bin/../lib/gcc/arm-none-eabi/4.8.4/../../../../arm-none-eabi/lib/armv7e-m\libg_s.a(lib_a-impure.o)
                0x1fff006c                _impure_ptr
 *(.jcr*)
 .jcr           0x1fff0070        0x0 c:/freescale/kds_3.0.0/toolchain/bin/../lib/gcc/arm-none-eabi/4.8.4/armv7e-m/crtbegin.o
 .jcr           0x1fff0070        0x4 c:/freescale/kds_3.0.0/toolchain/bin/../lib/gcc/arm-none-eabi/4.8.4/armv7e-m/crtend.o
                0x1fff0074                . = ALIGN (0x4)
                0x1fff0074                __data_end__ = .
                0x000028d8                __DATA_END = (__DATA_ROM + (__data_end__ - __data_start__))
                0x00080000                text_end = (ORIGIN (m_text) + 0x7fbf0)
                0x00000001                ASSERT ((__DATA_END <= text_end), region m_text overflowed with text and data)

.igot.plt       0x1fff0074        0x0 load address 0x000028d8
 .igot.plt      0x00000000        0x0 c:/freescale/kds_3.0.0/toolchain/bin/../lib/gcc/arm-none-eabi/4.8.4/armv7e-m/crtbegin.o

.bss            0x1fff0074       0xfc load address 0x000028d8
                0x1fff0074                . = ALIGN (0x4)
                0x1fff0074                __START_BSS = .
                0x1fff0074                __bss_start__ = .
 *(.bss)
 .bss           0x1fff0074       0x1c c:/freescale/kds_3.0.0/toolchain/bin/../lib/gcc/arm-none-eabi/4.8.4/armv7e-m/crtbegin.o
 *(.bss*)
 .bss.s_debugConsole
                0x1fff0090       0x10 ./utilities/fsl_debug_console.o
 .bss.heap_end.4969
                0x1fff00a0        0x4 ./utilities/fsl_sbrk.o
 .bss.g_dspiHandle
                0x1fff00a4        0xc ./drivers/fsl_dspi.o
 .bss.s_dspiMasterIsr
                0x1fff00b0        0x4 ./drivers/fsl_dspi.o
 .bss.s_dspiSlaveIsr
                0x1fff00b4        0x4 ./drivers/fsl_dspi.o
 .bss.s_EDMAHandle
                0x1fff00b8       0x40 ./drivers/fsl_edma.o
 .bss.s_enetRxIsr
                0x1fff00f8        0x4 ./drivers/fsl_enet.o
 .bss.s_ENETHandle
                0x1fff00fc        0x4 ./drivers/fsl_enet.o
 .bss.s_enetTsIsr
                0x1fff0100        0x4 ./drivers/fsl_enet.o
 .bss.s_enetTxIsr
                0x1fff0104        0x4 ./drivers/fsl_enet.o
 .bss.s_enetErrIsr
                0x1fff0108        0x4 ./drivers/fsl_enet.o
 .bss.s_flexcanHandle
                0x1fff010c        0x8 ./drivers/fsl_flexcan.o
 .bss.s_flexcanIsr
                0x1fff0114        0x4 ./drivers/fsl_flexcan.o
 .bss.s_i2cHandle
                0x1fff0118        0x8 ./drivers/fsl_i2c.o
 .bss.s_i2cMasterIsr
                0x1fff0120        0x4 ./drivers/fsl_i2c.o
 .bss.s_i2cSlaveIsr
                0x1fff0124        0x4 ./drivers/fsl_i2c.o
 .bss.s_saiTxIsr
                0x1fff0128        0x4 ./drivers/fsl_sai.o
 .bss.s_saiRxIsr
                0x1fff012c        0x4 ./drivers/fsl_sai.o
 .bss.s_sdhcIsr
                0x1fff0130        0x4 ./drivers/fsl_sdhc.o
 .bss.s_sdhcHandle
                0x1fff0134        0x4 ./drivers/fsl_sdhc.o
 .bss.s_uartIsr
                0x1fff0138        0x4 ./drivers/fsl_uart.o
 .bss.s_uartHandle
                0x1fff013c       0x18 ./drivers/fsl_uart.o
 .bss.__malloc_sbrk_start
                0x1fff0154        0x4 c:/freescale/kds_3.0.0/toolchain/bin/../lib/gcc/arm-none-eabi/4.8.4/../../../../arm-none-eabi/lib/armv7e-m\libg_s.a(lib_a-nano-mallocr.o)
                0x1fff0154                __malloc_sbrk_start
 .bss.__malloc_free_list
                0x1fff0158        0x4 c:/freescale/kds_3.0.0/toolchain/bin/../lib/gcc/arm-none-eabi/4.8.4/../../../../arm-none-eabi/lib/armv7e-m\libg_s.a(lib_a-nano-mallocr.o)
                0x1fff0158                __malloc_free_list
 *(COMMON)
 COMMON         0x1fff015c        0x8 ./drivers/fsl_clock.o
                0x1fff015c                g_xtal32Freq
                0x1fff0160                g_xtal0Freq
 COMMON         0x1fff0164        0x8 ./drivers/fsl_sai.o
                0x1fff0164                s_saiHandle
 COMMON         0x1fff016c        0x4 c:/freescale/kds_3.0.0/toolchain/bin/../lib/gcc/arm-none-eabi/4.8.4/../../../../arm-none-eabi/lib/armv7e-m\libg_s.a(lib_a-reent.o)
                0x1fff016c                errno
                0x1fff0170                . = ALIGN (0x4)
                0x1fff0170                __bss_end__ = .
                0x1fff0170                __END_BSS = .

.heap           0x20000000      0x400
                0x20000000                . = ALIGN (0x8)
                0x20000000                __end__ = .
                0x20000000                PROVIDE (end, .)
                0x20000000                __HeapBase = .
                0x20000400                . = (. + HEAP_SIZE)
 *fill*         0x20000000      0x400 
                0x20000400                __HeapLimit = .
                0x20000400                __heap_limit = .

.stack          0x20000400      0x400
                0x20000400                . = ALIGN (0x8)
                0x20000800                . = (. + STACK_SIZE)
 *fill*         0x20000400      0x400 
                0x20010000                __StackTop = (ORIGIN (m_data_2) + 0x10000)
                0x2000fc00                __StackLimit = (__StackTop - STACK_SIZE)
                0x20010000                PROVIDE (__stack, __StackTop)

.ARM.attributes
                0x00000000       0x2a
 *(.ARM.attributes)
 .ARM.attributes
                0x00000000       0x1e c:/freescale/kds_3.0.0/toolchain/bin/../lib/gcc/arm-none-eabi/4.8.4/armv7e-m/crti.o
 .ARM.attributes
                0x0000001e       0x2e c:/freescale/kds_3.0.0/toolchain/bin/../lib/gcc/arm-none-eabi/4.8.4/armv7e-m/crtbegin.o
 .ARM.attributes
                0x0000004c       0x1c c:/freescale/kds_3.0.0/toolchain/bin/../lib/gcc/arm-none-eabi/4.8.4/../../../../arm-none-eabi/lib/armv7e-m/crt0.o
 .ARM.attributes
                0x00000068       0x33 ./utilities/fsl_debug_console.o
 .ARM.attributes
                0x0000009b       0x33 ./utilities/fsl_sbrk.o
 .ARM.attributes
                0x000000ce       0x1b ./startup/startup_MK60D10.o
 .ARM.attributes
                0x000000e9       0x33 ./source/main.o
 .ARM.attributes
                0x0000011c       0x33 ./drivers/fsl_clock.o
 .ARM.attributes
                0x0000014f       0x33 ./drivers/fsl_crc.o
 .ARM.attributes
                0x00000182       0x33 ./drivers/fsl_dspi.o
 .ARM.attributes
                0x000001b5       0x33 ./drivers/fsl_edma.o
 .ARM.attributes
                0x000001e8       0x33 ./drivers/fsl_enet.o
 .ARM.attributes
                0x0000021b       0x33 ./drivers/fsl_flexcan.o
 .ARM.attributes
                0x0000024e       0x33 ./drivers/fsl_i2c.o
 .ARM.attributes
                0x00000281       0x33 ./drivers/fsl_sai.o
 .ARM.attributes
                0x000002b4       0x33 ./drivers/fsl_sdhc.o
 .ARM.attributes
                0x000002e7       0x33 ./drivers/fsl_uart.o
 .ARM.attributes
                0x0000031a       0x33 ./board/board.o
 .ARM.attributes
                0x0000034d       0x33 ./board/clock_config.o
 .ARM.attributes
                0x00000380       0x33 ./board/pin_mux.o
 .ARM.attributes
                0x000003b3       0x33 ./CMSIS/system_MK60D10.o
 .ARM.attributes
                0x000003e6       0x2e c:/freescale/kds_3.0.0/toolchain/bin/../lib/gcc/arm-none-eabi/4.8.4/../../../../arm-none-eabi/lib/armv7e-m\libg_s.a(lib_a-errno.o)
 .ARM.attributes
                0x00000414       0x2e c:/freescale/kds_3.0.0/toolchain/bin/../lib/gcc/arm-none-eabi/4.8.4/../../../../arm-none-eabi/lib/armv7e-m\libg_s.a(lib_a-exit.o)
 .ARM.attributes
                0x00000442       0x2e c:/freescale/kds_3.0.0/toolchain/bin/../lib/gcc/arm-none-eabi/4.8.4/../../../../arm-none-eabi/lib/armv7e-m\libg_s.a(lib_a-impure.o)
 .ARM.attributes
                0x00000470       0x2e c:/freescale/kds_3.0.0/toolchain/bin/../lib/gcc/arm-none-eabi/4.8.4/../../../../arm-none-eabi/lib/armv7e-m\libg_s.a(lib_a-init.o)
 .ARM.attributes
                0x0000049e       0x2e c:/freescale/kds_3.0.0/toolchain/bin/../lib/gcc/arm-none-eabi/4.8.4/../../../../arm-none-eabi/lib/armv7e-m\libg_s.a(lib_a-memcpy-stub.o)
 .ARM.attributes
                0x000004cc       0x2e c:/freescale/kds_3.0.0/toolchain/bin/../lib/gcc/arm-none-eabi/4.8.4/../../../../arm-none-eabi/lib/armv7e-m\libg_s.a(lib_a-memmove.o)
 .ARM.attributes
                0x000004fa       0x2e c:/freescale/kds_3.0.0/toolchain/bin/../lib/gcc/arm-none-eabi/4.8.4/../../../../arm-none-eabi/lib/armv7e-m\libg_s.a(lib_a-memset.o)
 .ARM.attributes
                0x00000528       0x2e c:/freescale/kds_3.0.0/toolchain/bin/../lib/gcc/arm-none-eabi/4.8.4/../../../../arm-none-eabi/lib/armv7e-m\libg_s.a(lib_a-sprintf.o)
 .ARM.attributes
                0x00000556       0x2e c:/freescale/kds_3.0.0/toolchain/bin/../lib/gcc/arm-none-eabi/4.8.4/../../../../arm-none-eabi/lib/armv7e-m\libg_s.a(lib_a-strlen.o)
 .ARM.attributes
                0x00000584       0x2e c:/freescale/kds_3.0.0/toolchain/bin/../lib/gcc/arm-none-eabi/4.8.4/../../../../arm-none-eabi/lib/armv7e-m\libg_s.a(lib_a-svfprintf.o)
 .ARM.attributes
                0x000005b2       0x2e c:/freescale/kds_3.0.0/toolchain/bin/../lib/gcc/arm-none-eabi/4.8.4/../../../../arm-none-eabi/lib/armv7e-m\libg_s.a(lib_a-vfprintf_i.o)
 .ARM.attributes
                0x000005e0       0x2e c:/freescale/kds_3.0.0/toolchain/bin/../lib/gcc/arm-none-eabi/4.8.4/../../../../arm-none-eabi/lib/armv7e-m\libg_s.a(lib_a-memchr-stub.o)
 .ARM.attributes
                0x0000060e       0x2e c:/freescale/kds_3.0.0/toolchain/bin/../lib/gcc/arm-none-eabi/4.8.4/../../../../arm-none-eabi/lib/armv7e-m\libg_s.a(lib_a-nano-freer.o)
 .ARM.attributes
                0x0000063c       0x2e c:/freescale/kds_3.0.0/toolchain/bin/../lib/gcc/arm-none-eabi/4.8.4/../../../../arm-none-eabi/lib/armv7e-m\libg_s.a(lib_a-nano-mallocr.o)
 .ARM.attributes
                0x0000066a       0x2e c:/freescale/kds_3.0.0/toolchain/bin/../lib/gcc/arm-none-eabi/4.8.4/../../../../arm-none-eabi/lib/armv7e-m\libg_s.a(lib_a-nano-reallocr.o)
 .ARM.attributes
                0x00000698       0x2e c:/freescale/kds_3.0.0/toolchain/bin/../lib/gcc/arm-none-eabi/4.8.4/../../../../arm-none-eabi/lib/armv7e-m\libg_s.a(lib_a-sbrkr.o)
 .ARM.attributes
                0x000006c6       0x2e c:/freescale/kds_3.0.0/toolchain/bin/../lib/gcc/arm-none-eabi/4.8.4/../../../../arm-none-eabi/lib/armv7e-m\libg_s.a(lib_a-nano-msizer.o)
 .ARM.attributes
                0x000006f4       0x2e c:/freescale/kds_3.0.0/toolchain/bin/../lib/gcc/arm-none-eabi/4.8.4/../../../../arm-none-eabi/lib/armv7e-m\libg_s.a(lib_a-reent.o)
 .ARM.attributes
                0x00000722       0x2e c:/freescale/kds_3.0.0/toolchain/bin/../lib/gcc/arm-none-eabi/4.8.4/../../../../arm-none-eabi/lib/armv7e-m\libnosys.a(_exit.o)
 .ARM.attributes
                0x00000750       0x2e c:/freescale/kds_3.0.0/toolchain/bin/../lib/gcc/arm-none-eabi/4.8.4/armv7e-m/crtend.o
 .ARM.attributes
                0x0000077e       0x1e c:/freescale/kds_3.0.0/toolchain/bin/../lib/gcc/arm-none-eabi/4.8.4/armv7e-m/crtn.o
                0x00000001                ASSERT ((__StackLimit >= __HeapLimit), region m_data_2 overflowed with stack and heap)
OUTPUT(crc.elf elf32-littlearm)

.debug_info     0x00000000    0x19f5e
 .debug_info    0x00000000     0x12fc ./utilities/fsl_debug_console.o
 .debug_info    0x000012fc      0x12a ./utilities/fsl_sbrk.o
 .debug_info    0x00001426       0x79 ./startup/startup_MK60D10.o
 .debug_info    0x0000149f     0x1899 ./source/main.o
 .debug_info    0x00002d38     0x1edb ./drivers/fsl_clock.o
 .debug_info    0x00004c13      0x9a1 ./drivers/fsl_crc.o
 .debug_info    0x000055b4     0x3270 ./drivers/fsl_dspi.o
 .debug_info    0x00008824     0x22a9 ./drivers/fsl_edma.o
 .debug_info    0x0000aacd     0x267d ./drivers/fsl_enet.o
 .debug_info    0x0000d14a     0x25a5 ./drivers/fsl_flexcan.o
 .debug_info    0x0000f6ef     0x247a ./drivers/fsl_i2c.o
 .debug_info    0x00011b69     0x20ad ./drivers/fsl_sai.o
 .debug_info    0x00013c16     0x2a72 ./drivers/fsl_sdhc.o
 .debug_info    0x00016688     0x1f08 ./drivers/fsl_uart.o
 .debug_info    0x00018590      0x42d ./board/board.o
 .debug_info    0x000189bd      0xbed ./board/clock_config.o
 .debug_info    0x000195aa      0x51c ./board/pin_mux.o
 .debug_info    0x00019ac6      0x498 ./CMSIS/system_MK60D10.o

.debug_abbrev   0x00000000     0x3508
 .debug_abbrev  0x00000000      0x381 ./utilities/fsl_debug_console.o
 .debug_abbrev  0x00000381       0xcd ./utilities/fsl_sbrk.o
 .debug_abbrev  0x0000044e       0x14 ./startup/startup_MK60D10.o
 .debug_abbrev  0x00000462      0x2b1 ./source/main.o
 .debug_abbrev  0x00000713      0x450 ./drivers/fsl_clock.o
 .debug_abbrev  0x00000b63      0x28e ./drivers/fsl_crc.o
 .debug_abbrev  0x00000df1      0x482 ./drivers/fsl_dspi.o
 .debug_abbrev  0x00001273      0x442 ./drivers/fsl_edma.o
 .debug_abbrev  0x000016b5      0x3b1 ./drivers/fsl_enet.o
 .debug_abbrev  0x00001a66      0x408 ./drivers/fsl_flexcan.o
 .debug_abbrev  0x00001e6e      0x462 ./drivers/fsl_i2c.o
 .debug_abbrev  0x000022d0      0x42d ./drivers/fsl_sai.o
 .debug_abbrev  0x000026fd      0x3ef ./drivers/fsl_sdhc.o
 .debug_abbrev  0x00002aec      0x3b6 ./drivers/fsl_uart.o
 .debug_abbrev  0x00002ea2      0x14f ./board/board.o
 .debug_abbrev  0x00002ff1      0x290 ./board/clock_config.o
 .debug_abbrev  0x00003281      0x170 ./board/pin_mux.o
 .debug_abbrev  0x000033f1      0x117 ./CMSIS/system_MK60D10.o

.debug_loc      0x00000000     0xdfd4
 .debug_loc     0x00000000     0x12c1 ./utilities/fsl_debug_console.o
 .debug_loc     0x000012c1       0x4e ./utilities/fsl_sbrk.o
 .debug_loc     0x0000130f      0x6bb ./source/main.o
 .debug_loc     0x000019ca     0x10ce ./drivers/fsl_clock.o
 .debug_loc     0x00002a98      0x2dd ./drivers/fsl_crc.o
 .debug_loc     0x00002d75     0x1f40 ./drivers/fsl_dspi.o
 .debug_loc     0x00004cb5      0xb66 ./drivers/fsl_edma.o
 .debug_loc     0x0000581b     0x119d ./drivers/fsl_enet.o
 .debug_loc     0x000069b8     0x14dd ./drivers/fsl_flexcan.o
 .debug_loc     0x00007e95     0x19d2 ./drivers/fsl_i2c.o
 .debug_loc     0x00009867     0x1477 ./drivers/fsl_sai.o
 .debug_loc     0x0000acde     0x1a8e ./drivers/fsl_sdhc.o
 .debug_loc     0x0000c76c     0x17af ./drivers/fsl_uart.o
 .debug_loc     0x0000df1b       0x1e ./board/board.o
 .debug_loc     0x0000df39       0x9b ./CMSIS/system_MK60D10.o

.debug_aranges  0x00000000      0xc88
 .debug_aranges
                0x00000000       0x60 ./utilities/fsl_debug_console.o
 .debug_aranges
                0x00000060       0x20 ./utilities/fsl_sbrk.o
 .debug_aranges
                0x00000080       0x20 ./startup/startup_MK60D10.o
 .debug_aranges
                0x000000a0       0x78 ./source/main.o
 .debug_aranges
                0x00000118      0x1a0 ./drivers/fsl_clock.o
 .debug_aranges
                0x000002b8       0x40 ./drivers/fsl_crc.o
 .debug_aranges
                0x000002f8      0x110 ./drivers/fsl_dspi.o
 .debug_aranges
                0x00000408      0x1c8 ./drivers/fsl_edma.o
 .debug_aranges
                0x000005d0       0xe8 ./drivers/fsl_enet.o
 .debug_aranges
                0x000006b8      0x110 ./drivers/fsl_flexcan.o
 .debug_aranges
                0x000007c8      0x128 ./drivers/fsl_i2c.o
 .debug_aranges
                0x000008f0      0x118 ./drivers/fsl_sai.o
 .debug_aranges
                0x00000a08       0xb8 ./drivers/fsl_sdhc.o
 .debug_aranges
                0x00000ac0      0x138 ./drivers/fsl_uart.o
 .debug_aranges
                0x00000bf8       0x20 ./board/board.o
 .debug_aranges
                0x00000c18       0x28 ./board/clock_config.o
 .debug_aranges
                0x00000c40       0x20 ./board/pin_mux.o
 .debug_aranges
                0x00000c60       0x28 ./CMSIS/system_MK60D10.o

.debug_ranges   0x00000000     0x11a8
 .debug_ranges  0x00000000       0x98 ./utilities/fsl_debug_console.o
 .debug_ranges  0x00000098       0x10 ./utilities/fsl_sbrk.o
 .debug_ranges  0x000000a8       0x68 ./source/main.o
 .debug_ranges  0x00000110      0x1d8 ./drivers/fsl_clock.o
 .debug_ranges  0x000002e8       0x80 ./drivers/fsl_crc.o
 .debug_ranges  0x00000368      0x2b0 ./drivers/fsl_dspi.o
 .debug_ranges  0x00000618      0x1d0 ./drivers/fsl_edma.o
 .debug_ranges  0x000007e8      0x120 ./drivers/fsl_enet.o
 .debug_ranges  0x00000908      0x198 ./drivers/fsl_flexcan.o
 .debug_ranges  0x00000aa0      0x180 ./drivers/fsl_i2c.o
 .debug_ranges  0x00000c20      0x1e0 ./drivers/fsl_sai.o
 .debug_ranges  0x00000e00      0x1b8 ./drivers/fsl_sdhc.o
 .debug_ranges  0x00000fb8      0x140 ./drivers/fsl_uart.o
 .debug_ranges  0x000010f8       0x10 ./board/board.o
 .debug_ranges  0x00001108       0x78 ./board/clock_config.o
 .debug_ranges  0x00001180       0x10 ./board/pin_mux.o
 .debug_ranges  0x00001190       0x18 ./CMSIS/system_MK60D10.o

.debug_line     0x00000000     0x5423
 .debug_line    0x00000000      0x489 ./utilities/fsl_debug_console.o
 .debug_line    0x00000489       0xa1 ./utilities/fsl_sbrk.o
 .debug_line    0x0000052a      0x17e ./startup/startup_MK60D10.o
 .debug_line    0x000006a8      0x3f9 ./source/main.o
 .debug_line    0x00000aa1      0x7bf ./drivers/fsl_clock.o
 .debug_line    0x00001260      0x213 ./drivers/fsl_crc.o
 .debug_line    0x00001473      0xae0 ./drivers/fsl_dspi.o
 .debug_line    0x00001f53      0x725 ./drivers/fsl_edma.o
 .debug_line    0x00002678      0x503 ./drivers/fsl_enet.o
 .debug_line    0x00002b7b      0x776 ./drivers/fsl_flexcan.o
 .debug_line    0x000032f1      0x7b9 ./drivers/fsl_i2c.o
 .debug_line    0x00003aaa      0x6a2 ./drivers/fsl_sai.o
 .debug_line    0x0000414c      0x701 ./drivers/fsl_sdhc.o
 .debug_line    0x0000484d      0x651 ./drivers/fsl_uart.o
 .debug_line    0x00004e9e      0x14e ./board/board.o
 .debug_line    0x00004fec      0x1b6 ./board/clock_config.o
 .debug_line    0x000051a2      0x131 ./board/pin_mux.o
 .debug_line    0x000052d3      0x150 ./CMSIS/system_MK60D10.o

.debug_str      0x00000000     0xa72e
 .debug_str     0x00000000      0xc08 ./utilities/fsl_debug_console.o
                                0xcea (size before relaxing)
 .debug_str     0x00000c08       0x58 ./utilities/fsl_sbrk.o
                                0x1df (size before relaxing)
 .debug_str     0x00000c60      0x4e3 ./source/main.o
                                0xda8 (size before relaxing)
 .debug_str     0x00001143     0x10b3 ./drivers/fsl_clock.o
                               0x19a4 (size before relaxing)
 .debug_str     0x000021f6      0x1bf ./drivers/fsl_crc.o
                                0x867 (size before relaxing)
 .debug_str     0x000023b5     0x182f ./drivers/fsl_dspi.o
                               0x22d8 (size before relaxing)
 .debug_str     0x00003be4      0xf40 ./drivers/fsl_edma.o
                               0x1c16 (size before relaxing)
 .debug_str     0x00004b24     0x119c ./drivers/fsl_enet.o
                               0x2325 (size before relaxing)
 .debug_str     0x00005cc0      0xfff ./drivers/fsl_flexcan.o
                               0x1cdc (size before relaxing)
 .debug_str     0x00006cbf      0xb3b ./drivers/fsl_i2c.o
                               0x1cc9 (size before relaxing)
 .debug_str     0x000077fa      0x9e2 ./drivers/fsl_sai.o
                               0x1724 (size before relaxing)
 .debug_str     0x000081dc     0x155d ./drivers/fsl_sdhc.o
                               0x26f8 (size before relaxing)
 .debug_str     0x00009739      0xae3 ./drivers/fsl_uart.o
                               0x1ddb (size before relaxing)
 .debug_str     0x0000a21c       0x20 ./board/board.o
                                0x305 (size before relaxing)
 .debug_str     0x0000a23c      0x2f8 ./board/clock_config.o
                                0xe3e (size before relaxing)
 .debug_str     0x0000a534      0x155 ./board/pin_mux.o
                                0x61f (size before relaxing)
 .debug_str     0x0000a689       0xa5 ./CMSIS/system_MK60D10.o
                                0x361 (size before relaxing)

.comment        0x00000000       0x70
 .comment       0x00000000       0x70 ./utilities/fsl_debug_console.o
                                 0x71 (size before relaxing)
 .comment       0x00000000       0x71 ./utilities/fsl_sbrk.o
 .comment       0x00000000       0x71 ./source/main.o
 .comment       0x00000000       0x71 ./drivers/fsl_clock.o
 .comment       0x00000000       0x71 ./drivers/fsl_crc.o
 .comment       0x00000000       0x71 ./drivers/fsl_dspi.o
 .comment       0x00000000       0x71 ./drivers/fsl_edma.o
 .comment       0x00000000       0x71 ./drivers/fsl_enet.o
 .comment       0x00000000       0x71 ./drivers/fsl_flexcan.o
 .comment       0x00000000       0x71 ./drivers/fsl_i2c.o
 .comment       0x00000000       0x71 ./drivers/fsl_sai.o
 .comment       0x00000000       0x71 ./drivers/fsl_sdhc.o
 .comment       0x00000000       0x71 ./drivers/fsl_uart.o
 .comment       0x00000000       0x71 ./board/board.o
 .comment       0x00000000       0x71 ./board/clock_config.o
 .comment       0x00000000       0x71 ./board/pin_mux.o
 .comment       0x00000000       0x71 ./CMSIS/system_MK60D10.o

.debug_frame    0x00000000     0x2490
 .debug_frame   0x00000000      0x12c ./utilities/fsl_debug_console.o
 .debug_frame   0x0000012c       0x28 ./utilities/fsl_sbrk.o
 .debug_frame   0x00000154      0x198 ./source/main.o
 .debug_frame   0x000002ec      0x458 ./drivers/fsl_clock.o
 .debug_frame   0x00000744       0x80 ./drivers/fsl_crc.o
 .debug_frame   0x000007c4      0x2e8 ./drivers/fsl_dspi.o
 .debug_frame   0x00000aac      0x43c ./drivers/fsl_edma.o
 .debug_frame   0x00000ee8      0x288 ./drivers/fsl_enet.o
 .debug_frame   0x00001170      0x314 ./drivers/fsl_flexcan.o
 .debug_frame   0x00001484      0x338 ./drivers/fsl_i2c.o
 .debug_frame   0x000017bc      0x32c ./drivers/fsl_sai.o
 .debug_frame   0x00001ae8      0x228 ./drivers/fsl_sdhc.o
 .debug_frame   0x00001d10      0x31c ./drivers/fsl_uart.o
 .debug_frame   0x0000202c       0x28 ./board/board.o
 .debug_frame   0x00002054       0x40 ./board/clock_config.o
 .debug_frame   0x00002094       0x20 ./board/pin_mux.o
 .debug_frame   0x000020b4       0x30 ./CMSIS/system_MK60D10.o
 .debug_frame   0x000020e4       0x20 c:/freescale/kds_3.0.0/toolchain/bin/../lib/gcc/arm-none-eabi/4.8.4/../../../../arm-none-eabi/lib/armv7e-m\libg_s.a(lib_a-errno.o)
 .debug_frame   0x00002104       0x28 c:/freescale/kds_3.0.0/toolchain/bin/../lib/gcc/arm-none-eabi/4.8.4/../../../../arm-none-eabi/lib/armv7e-m\libg_s.a(lib_a-exit.o)
 .debug_frame   0x0000212c       0x2c c:/freescale/kds_3.0.0/toolchain/bin/../lib/gcc/arm-none-eabi/4.8.4/../../../../arm-none-eabi/lib/armv7e-m\libg_s.a(lib_a-init.o)
 .debug_frame   0x00002158       0x28 c:/freescale/kds_3.0.0/toolchain/bin/../lib/gcc/arm-none-eabi/4.8.4/../../../../arm-none-eabi/lib/armv7e-m\libg_s.a(lib_a-memcpy-stub.o)
 .debug_frame   0x00002180       0x2c c:/freescale/kds_3.0.0/toolchain/bin/../lib/gcc/arm-none-eabi/4.8.4/../../../../arm-none-eabi/lib/armv7e-m\libg_s.a(lib_a-memmove.o)
 .debug_frame   0x000021ac       0x20 c:/freescale/kds_3.0.0/toolchain/bin/../lib/gcc/arm-none-eabi/4.8.4/../../../../arm-none-eabi/lib/armv7e-m\libg_s.a(lib_a-memset.o)
 .debug_frame   0x000021cc       0x58 c:/freescale/kds_3.0.0/toolchain/bin/../lib/gcc/arm-none-eabi/4.8.4/../../../../arm-none-eabi/lib/armv7e-m\libg_s.a(lib_a-sprintf.o)
 .debug_frame   0x00002224       0x20 c:/freescale/kds_3.0.0/toolchain/bin/../lib/gcc/arm-none-eabi/4.8.4/../../../../arm-none-eabi/lib/armv7e-m\libg_s.a(lib_a-strlen.o)
 .debug_frame   0x00002244       0x88 c:/freescale/kds_3.0.0/toolchain/bin/../lib/gcc/arm-none-eabi/4.8.4/../../../../arm-none-eabi/lib/armv7e-m\libg_s.a(lib_a-svfprintf.o)
 .debug_frame   0x000022cc       0x60 c:/freescale/kds_3.0.0/toolchain/bin/../lib/gcc/arm-none-eabi/4.8.4/../../../../arm-none-eabi/lib/armv7e-m\libg_s.a(lib_a-vfprintf_i.o)
 .debug_frame   0x0000232c       0x28 c:/freescale/kds_3.0.0/toolchain/bin/../lib/gcc/arm-none-eabi/4.8.4/../../../../arm-none-eabi/lib/armv7e-m\libg_s.a(lib_a-memchr-stub.o)
 .debug_frame   0x00002354       0x2c c:/freescale/kds_3.0.0/toolchain/bin/../lib/gcc/arm-none-eabi/4.8.4/../../../../arm-none-eabi/lib/armv7e-m\libg_s.a(lib_a-nano-freer.o)
 .debug_frame   0x00002380       0x2c c:/freescale/kds_3.0.0/toolchain/bin/../lib/gcc/arm-none-eabi/4.8.4/../../../../arm-none-eabi/lib/armv7e-m\libg_s.a(lib_a-nano-mallocr.o)
 .debug_frame   0x000023ac       0x30 c:/freescale/kds_3.0.0/toolchain/bin/../lib/gcc/arm-none-eabi/4.8.4/../../../../arm-none-eabi/lib/armv7e-m\libg_s.a(lib_a-nano-reallocr.o)
 .debug_frame   0x000023dc       0x2c c:/freescale/kds_3.0.0/toolchain/bin/../lib/gcc/arm-none-eabi/4.8.4/../../../../arm-none-eabi/lib/armv7e-m\libg_s.a(lib_a-sbrkr.o)
 .debug_frame   0x00002408       0x20 c:/freescale/kds_3.0.0/toolchain/bin/../lib/gcc/arm-none-eabi/4.8.4/../../../../arm-none-eabi/lib/armv7e-m\libg_s.a(lib_a-nano-msizer.o)
 .debug_frame   0x00002428       0x48 c:/freescale/kds_3.0.0/toolchain/bin/../lib/gcc/arm-none-eabi/4.8.4/../../../../arm-none-eabi/lib/armv7e-m\libg_s.a(lib_a-reent.o)
 .debug_frame   0x00002470       0x20 c:/freescale/kds_3.0.0/toolchain/bin/../lib/gcc/arm-none-eabi/4.8.4/../../../../arm-none-eabi/lib/armv7e-m\libnosys.a(_exit.o)
